// Jest Snapshot v1, https://goo.gl/fbAQLP

exports[`Title should match snapshot 1`] = `
<DocumentFragment>
  <h1
    class="Title"
  >
    Example
  </h1>
</DocumentFragment>
`;
